[06:11:04.447][info] [#0:C:/Projects/Foragers/Foragers/Tools/LuaAnalyzer\main.lua:71]: Lua Lsp startup, root: 	C:/Projects/Foragers/Foragers/Tools/LuaAnalyzer
[06:11:04.448][info] [#0:C:/Projects/Foragers/Foragers/Tools/LuaAnalyzer\main.lua:72]: ROOT:	C:/Projects/Foragers/Foragers/Tools/LuaAnalyzer
[06:11:04.448][info] [#0:C:/Projects/Foragers/Foragers/Tools/LuaAnalyzer\main.lua:73]: LOGPATH:	C:/Projects/Foragers/Foragers/Tools/LuaAnalyzer/log
[06:11:04.448][info] [#0:C:/Projects/Foragers/Foragers/Tools/LuaAnalyzer\main.lua:74]: METAPATH:	C:/Projects/Foragers/Foragers/Tools/LuaAnalyzer/meta
[06:11:04.448][info] [#0:C:/Projects/Foragers/Foragers/Tools/LuaAnalyzer\main.lua:75]: VERSION:	3.19.1
[06:11:04.492][info] [#0:script\language.lua:137]: VSC language: nil
[06:11:04.492][info] [#0:script\language.lua:138]: LS  language: en-us
[06:11:04.492][info] [#0:script\client.lua:657]: Client init	{
  capabilities = {
    textDocument = {
      completion = {
        completionItem = {
          tagSupport = {
            valueSet = { 1, 2 }
          }
        }
      }
    },
    workspace = {
      configuration = true
    }
  },
  initializationOptions = {
    changeConfiguration = true,
    trustByClient = true,
    useSemanticByRange = true,
    viewDocument = true
  },
  rootUri = "file:///c%3A/Projects/Foragers/Foragers"
}
[06:11:04.492][info] [#0:script\language.lua:137]: VSC language: nil
[06:11:04.492][info] [#0:script\language.lua:138]: LS  language: en-us
[06:11:04.492][info] [#0:script\workspace\workspace.lua:38]: Workspace init root: 	file:///c%3A/Projects/Foragers/Foragers
[06:11:04.492][info] [#0:script\workspace\workspace.lua:42]: Log path: 	C:/Projects/Foragers/Foragers/Tools/LuaAnalyzer/log/file_c%3A_Projects_Foragers_Foragers.log
